# pyscripts/audio/format_wav_scp.py --fs 16k --audio-format flac.ark --multi-columns-input false --multi-columns-output false dump/raw/org/train_sp/logs/wav.20.scp dump/raw/org/train_sp/data/format.20 
# Started at Mon May  6 10:33:07 CST 2024
#
2024-05-06 10:33:08,001 (format_wav_scp:151) INFO: /usr/bin/python3 pyscripts/audio/format_wav_scp.py --fs 16k --audio-format flac.ark --multi-columns-input false --multi-columns-output false dump/raw/org/train_sp/logs/wav.20.scp dump/raw/org/train_sp/data/format.20
0it [00:00, ?it/s]
0it [00:00, ?it/s][Asox WARN wav: Length in output .wav header will be wrong since can't seek to fix it
sox WARN wav: Length in output .wav header will be wrong since can't seek to fix it
sox WARN wav: Length in output .wav header will be wrong since can't seek to fix it
sox WARN wav: Length in output .wav header will be wrong since can't seek to fix it
sox WARN wav: Length in output .wav header will be wrong since can't seek to fix it
sox WARN wav: Length in output .wav header will be wrong since can't seek to fix it
sox WARN wav: Length in output .wav header will be wrong since can't seek to fix it
sox WARN wav: Length in output .wav header will be wrong since can't seek to fix it
8it [00:00, 78.91it/s]
8it [00:00, 78.97it/s][Asox WARN wav: Length in output .wav header will be wrong since can't seek to fix it
sox WARN wav: Length in output .wav header will be wrong since can't seek to fix it
sox WARN wav: Length in output .wav header will be wrong since can't seek to fix it
sox WARN wav: Length in output .wav header will be wrong since can't seek to fix it
sox WARN wav: Length in output .wav header will be wrong since can't seek to fix it
sox WARN wav: Length in output .wav header will be wrong since can't seek to fix it
sox WARN wav: Length in output .wav header will be wrong since can't seek to fix it
sox WARN wav: Length in output .wav header will be wrong since can't seek to fix it
sox WARN wav: Length in output .wav header will be wrong since can't seek to fix it
sox WARN wav: Length in output .wav header will be wrong since can't seek to fix it
sox WARN wav: Length in output .wav header will be wrong since can't seek to fix it
19it [00:00, 96.09it/s]
19it [00:00, 96.11it/s][Asox WARN wav: Length in output .wav header will be wrong since can't seek to fix it
sox WARN wav: Length in output .wav header will be wrong since can't seek to fix it
sox WARN wav: Length in output .wav header will be wrong since can't seek to fix it
sox WARN wav: Length in output .wav header will be wrong since can't seek to fix it
sox WARN wav: Length in output .wav header will be wrong since can't seek to fix it
sox WARN wav: Length in output .wav header will be wrong since can't seek to fix it
sox WARN wav: Length in output .wav header will be wrong since can't seek to fix it
26it [00:00, 96.37it/s]
26it [00:00, 96.29it/s]
# Accounting: time=1 threads=1
# Ended (code 0) at Mon May  6 10:33:08 CST 2024, elapsed time 1 seconds
