# pyscripts/audio/format_wav_scp.py --fs 16k --audio-format flac.ark --multi-columns-input false --multi-columns-output false dump/raw/org/train_sp/logs/wav.25.scp dump/raw/org/train_sp/data/format.25 
# Started at Mon May  6 10:33:07 CST 2024
#
2024-05-06 10:33:07,999 (format_wav_scp:151) INFO: /usr/bin/python3 pyscripts/audio/format_wav_scp.py --fs 16k --audio-format flac.ark --multi-columns-input false --multi-columns-output false dump/raw/org/train_sp/logs/wav.25.scp dump/raw/org/train_sp/data/format.25
0it [00:00, ?it/s]
0it [00:00, ?it/s][Asox WARN wav: Length in output .wav header will be wrong since can't seek to fix it
sox WARN wav: Length in output .wav header will be wrong since can't seek to fix it
sox WARN wav: Length in output .wav header will be wrong since can't seek to fix it
sox WARN wav: Length in output .wav header will be wrong since can't seek to fix it
sox WARN wav: Length in output .wav header will be wrong since can't seek to fix it
sox WARN wav: Length in output .wav header will be wrong since can't seek to fix it
sox WARN wav: Length in output .wav header will be wrong since can't seek to fix it
sox WARN wav: Length in output .wav header will be wrong since can't seek to fix it
sox WARN wav: Length in output .wav header will be wrong since can't seek to fix it
sox WARN wav: Length in output .wav header will be wrong since can't seek to fix it
sox WARN wav: Length in output .wav header will be wrong since can't seek to fix it
sox WARN wav: Length in output .wav header will be wrong since can't seek to fix it
12it [00:00, 117.55it/s]
12it [00:00, 117.63it/s][Asox WARN wav: Length in output .wav header will be wrong since can't seek to fix it
sox WARN wav: Length in output .wav header will be wrong since can't seek to fix it
sox WARN wav: Length in output .wav header will be wrong since can't seek to fix it
sox WARN wav: Length in output .wav header will be wrong since can't seek to fix it
sox WARN wav: Length in output .wav header will be wrong since can't seek to fix it
sox WARN wav: Length in output .wav header will be wrong since can't seek to fix it
sox WARN wav: Length in output .wav header will be wrong since can't seek to fix it
sox WARN wav: Length in output .wav header will be wrong since can't seek to fix it
sox WARN wav: Length in output .wav header will be wrong since can't seek to fix it
sox WARN wav: Length in output .wav header will be wrong since can't seek to fix it
sox WARN wav: Length in output .wav header will be wrong since can't seek to fix it
sox WARN wav: Length in output .wav header will be wrong since can't seek to fix it
24it [00:00, 110.97it/s]
24it [00:00, 110.99it/s][Asox WARN wav: Length in output .wav header will be wrong since can't seek to fix it
sox WARN wav: Length in output .wav header will be wrong since can't seek to fix it
26it [00:00, 111.01it/s]
26it [00:00, 110.90it/s]
# Accounting: time=1 threads=1
# Ended (code 0) at Mon May  6 10:33:08 CST 2024, elapsed time 1 seconds
