# pyscripts/audio/format_wav_scp.py --fs 16k --audio-format flac.ark --multi-columns-input false --multi-columns-output false dump/raw/org/train_sp/logs/wav.19.scp dump/raw/org/train_sp/data/format.19 
# Started at Sun Apr 14 21:30:43 CST 2024
#
2024-04-14 21:30:44,253 (format_wav_scp:151) INFO: /usr/bin/python3 pyscripts/audio/format_wav_scp.py --fs 16k --audio-format flac.ark --multi-columns-input false --multi-columns-output false dump/raw/org/train_sp/logs/wav.19.scp dump/raw/org/train_sp/data/format.19
0it [00:00, ?it/s]
0it [00:00, ?it/s][Asox WARN wav: Length in output .wav header will be wrong since can't seek to fix it
sox WARN wav: Length in output .wav header will be wrong since can't seek to fix it
sox WARN wav: Length in output .wav header will be wrong since can't seek to fix it
sox WARN wav: Length in output .wav header will be wrong since can't seek to fix it
sox WARN wav: Length in output .wav header will be wrong since can't seek to fix it
sox WARN wav: Length in output .wav header will be wrong since can't seek to fix it
sox WARN wav: Length in output .wav header will be wrong since can't seek to fix it
sox WARN wav: Length in output .wav header will be wrong since can't seek to fix it
sox WARN wav: Length in output .wav header will be wrong since can't seek to fix it
sox WARN wav: Length in output .wav header will be wrong since can't seek to fix it
10it [00:00, 97.32it/s]
10it [00:00, 97.38it/s][Asox WARN wav: Length in output .wav header will be wrong since can't seek to fix it
sox WARN wav: Length in output .wav header will be wrong since can't seek to fix it
sox WARN wav: Length in output .wav header will be wrong since can't seek to fix it
sox WARN wav: Length in output .wav header will be wrong since can't seek to fix it
sox WARN wav: Length in output .wav header will be wrong since can't seek to fix it
sox WARN wav: Length in output .wav header will be wrong since can't seek to fix it
sox WARN wav: Length in output .wav header will be wrong since can't seek to fix it
sox WARN wav: Length in output .wav header will be wrong since can't seek to fix it
sox WARN wav: Length in output .wav header will be wrong since can't seek to fix it
sox WARN wav: Length in output .wav header will be wrong since can't seek to fix it
sox WARN wav: Length in output .wav header will be wrong since can't seek to fix it
sox WARN wav: Length in output .wav header will be wrong since can't seek to fix it
22it [00:00, 109.34it/s]
22it [00:00, 109.36it/s][Asox WARN wav: Length in output .wav header will be wrong since can't seek to fix it
sox WARN wav: Length in output .wav header will be wrong since can't seek to fix it
sox WARN wav: Length in output .wav header will be wrong since can't seek to fix it
sox WARN wav: Length in output .wav header will be wrong since can't seek to fix it
26it [00:00, 107.18it/s]
26it [00:00, 107.09it/s]
# Accounting: time=1 threads=1
# Ended (code 0) at Sun Apr 14 21:30:44 CST 2024, elapsed time 1 seconds
