# pyscripts/audio/format_wav_scp.py --fs 16k --audio-format flac.ark --multi-columns-input false --multi-columns-output false dump/raw/org/train_sp/logs/wav.21.scp dump/raw/org/train_sp/data/format.21 
# Started at Sun Apr 14 21:30:43 CST 2024
#
2024-04-14 21:30:44,261 (format_wav_scp:151) INFO: /usr/bin/python3 pyscripts/audio/format_wav_scp.py --fs 16k --audio-format flac.ark --multi-columns-input false --multi-columns-output false dump/raw/org/train_sp/logs/wav.21.scp dump/raw/org/train_sp/data/format.21
0it [00:00, ?it/s]
0it [00:00, ?it/s][Asox WARN wav: Length in output .wav header will be wrong since can't seek to fix it
sox WARN wav: Length in output .wav header will be wrong since can't seek to fix it
sox WARN wav: Length in output .wav header will be wrong since can't seek to fix it
sox WARN wav: Length in output .wav header will be wrong since can't seek to fix it
sox WARN wav: Length in output .wav header will be wrong since can't seek to fix it
sox WARN wav: Length in output .wav header will be wrong since can't seek to fix it
sox WARN wav: Length in output .wav header will be wrong since can't seek to fix it
sox WARN wav: Length in output .wav header will be wrong since can't seek to fix it
sox WARN wav: Length in output .wav header will be wrong since can't seek to fix it
sox WARN wav: Length in output .wav header will be wrong since can't seek to fix it
10it [00:00, 97.67it/s]
10it [00:00, 97.72it/s][Asox WARN wav: Length in output .wav header will be wrong since can't seek to fix it
sox WARN wav: Length in output .wav header will be wrong since can't seek to fix it
sox WARN wav: Length in output .wav header will be wrong since can't seek to fix it
sox WARN wav: Length in output .wav header will be wrong since can't seek to fix it
sox WARN wav: Length in output .wav header will be wrong since can't seek to fix it
sox WARN wav: Length in output .wav header will be wrong since can't seek to fix it
sox WARN wav: Length in output .wav header will be wrong since can't seek to fix it
sox WARN wav: Length in output .wav header will be wrong since can't seek to fix it
sox WARN wav: Length in output .wav header will be wrong since can't seek to fix it
sox WARN wav: Length in output .wav header will be wrong since can't seek to fix it
20it [00:00, 85.56it/s]
20it [00:00, 85.58it/s][Asox WARN wav: Length in output .wav header will be wrong since can't seek to fix it
sox WARN wav: Length in output .wav header will be wrong since can't seek to fix it
sox WARN wav: Length in output .wav header will be wrong since can't seek to fix it
sox WARN wav: Length in output .wav header will be wrong since can't seek to fix it
sox WARN wav: Length in output .wav header will be wrong since can't seek to fix it
sox WARN wav: Length in output .wav header will be wrong since can't seek to fix it
26it [00:00, 88.06it/s]
26it [00:00, 87.99it/s]
# Accounting: time=1 threads=1
# Ended (code 0) at Sun Apr 14 21:30:44 CST 2024, elapsed time 1 seconds
